<?xml version="1.0" encoding="UTF-8"?>
<TestRun id="4942da66-b09d-478e-bd12-d9db1fd0f6b5" name="MSmith@BE6464 2012-02-03 16:56:55" runUser="BEDOMAIN\MSmith" xmlns="http://microsoft.com/schemas/VisualStudio/TeamTest/2010">
  <TestSettings name="Local" id="e0105c78-7d91-44d7-b36e-26698e57ed5a">
    <Description>These are default test settings for a local test run.</Description>
    <Deployment enabled="false" runDeploymentRoot="MSmith_BE6464 2012-02-03 16_56_55">
      <DeploymentItem filename="C:\Users\MSmith\Documents\My Dropbox\Git\Zeus\Zeus.Domain\Zeus.Domain\bin\Debug\Zeus.Domain.dll" />
    </Deployment>
    <Execution>
      <TestTypeSpecific />
      <AgentRule name="Execution Agents">
      </AgentRule>
    </Execution>
  </TestSettings>
  <Times creation="2012-02-03T16:56:55.1033266-05:00" queuing="2012-02-03T16:57:00.9559118-05:00" start="2012-02-03T16:57:01.4059568-05:00" finish="2012-02-03T16:59:32.7700917-05:00" />
  <ResultSummary outcome="Error">
    <Counters total="1" executed="1" error="0" failed="0" timeout="0" aborted="1" inconclusive="0" passedButRunAborted="0" notRunnable="0" notExecuted="0" disconnected="0" warning="0" passed="0" completed="0" inProgress="0" pending="0" />
    <RunInfos>
      <RunInfo computerName="BE6464" outcome="Error" timestamp="2012-02-03T16:59:32.7670914-05:00">
        <Text>Test host process exited unexpectedly.</Text>
      </RunInfo>
    </RunInfos>
  </ResultSummary>
  <TestDefinitions>
    <UnitTest name="Will_parse_a_single_command_without_arguments_correctly" storage="c:\users\msmith\documents\my dropbox\git\zeus\zeus.tests\bin\debug\zeus.tests.dll" id="1c861a43-df90-8574-a9d3-bce1039f2c26">
      <Execution id="9ea22ac5-43c4-4634-8bc8-9a0f6c67cf9d" />
      <TestMethod codeBase="C:/Users/MSmith/Documents/My Dropbox/Git/Zeus/Zeus.Tests/bin/Debug/Zeus.Tests.DLL" adapterTypeName="Microsoft.VisualStudio.TestTools.TestTypes.Unit.UnitTestAdapter, Microsoft.VisualStudio.QualityTools.Tips.UnitTest.Adapter, Version=10.0.0.0, Culture=neutral, PublicKeyToken=b03f5f7f11d50a3a" className="Zeus.Tests.ZeusParser_Tests, Zeus.Tests, Version=1.0.0.0, Culture=neutral, PublicKeyToken=null" name="Will_parse_a_single_command_without_arguments_correctly" />
    </UnitTest>
  </TestDefinitions>
  <TestLists>
    <TestList name="Results Not in a List" id="8c84fa94-04c1-424b-9868-57a2d4851a1d" />
    <TestList name="All Loaded Results" id="19431567-8539-422a-85d7-44ee4e166bda" />
  </TestLists>
  <TestEntries>
    <TestEntry testId="1c861a43-df90-8574-a9d3-bce1039f2c26" executionId="9ea22ac5-43c4-4634-8bc8-9a0f6c67cf9d" testListId="8c84fa94-04c1-424b-9868-57a2d4851a1d" />
  </TestEntries>
  <Results>
    <UnitTestResult executionId="9ea22ac5-43c4-4634-8bc8-9a0f6c67cf9d" testId="1c861a43-df90-8574-a9d3-bce1039f2c26" testName="Will_parse_a_single_command_without_arguments_correctly" computerName="BE6464" duration="00:02:30.6950680" startTime="2012-02-03T16:57:02.0750237-05:00" endTime="2012-02-03T16:59:32.7700917-05:00" testType="13cdc9d9-ddb5-4fa4-a97d-d965ccfc6d4b" outcome="Aborted" testListId="8c84fa94-04c1-424b-9868-57a2d4851a1d" relativeResultsDirectory="9ea22ac5-43c4-4634-8bc8-9a0f6c67cf9d">
    </UnitTestResult>
  </Results>
</TestRun>